// Jest Snapshot v1, https://goo.gl/fbAQLP

exports[`<Index /> renders correctly 1`] = `
<article>
  <h1>
    <span>
      Welcome to the React Redux Boilerplate
    </span>
  </h1>
  <p>
    <span>
      Some basic examples of user interaction are shown below.
    </span>
  </p>
  <div
    class="row"
  >
    <section
      class="col-sm-6"
    >
      <h2>
        <span>
          API data
        </span>
      </h2>
      <pre>
        {
  "serverTest": "Test"
}
      </pre>
      <button
        class="btn btn-primary"
      >
        <span>
          Fetch API data
        </span>
      </button>
    </section>
    <section
      class="col-sm-6"
    >
      <h2>
        <span>
          Local data
        </span>
      </h2>
      <pre>
        {
  "inputValue": "Test"
}
      </pre>
      <div
        class="input-group"
      >
        <input
          class="form-control"
          type="text"
          value="Test"
        />
        <span
          class="input-group-btn"
        >
          <button
            class="btn btn-primary"
          >
            <span>
              Update local data
            </span>
          </button>
        </span>
      </div>
    </section>
  </div>
</article>
`;
