// Jest Snapshot v1, https://goo.gl/fbAQLP

exports[`[connected] <App /> when mounting on the client matches snapshot 1`] = `
<article
  class="Page"
>
  <main
    class="Page--body"
    role="main"
  >
    <div
      class="MockPageComponent"
    />
  </main>
</article>
`;

exports[`[connected] <App /> when mounting on the server matches snapshot 1`] = `
<article
  class="Page"
>
  <main
    class="Page--body"
    role="main"
  >
    <div
      class="MockPageComponent"
    />
  </main>
</article>
`;

exports[`[connected] <App /> when mounting when the page has no getInitialProps method matches snapshot 1`] = `
<article
  class="Page"
>
  <main
    class="Page--body"
    role="main"
  >
    <div
      class="MockPageComponent"
    />
  </main>
</article>
`;
